Lutin interpreter version 1.0 by H4311

Usage : lut [-a] [-e] [-o] [-p] file.lt 
-a option : static error analysis 
-e option : execute program 
-o option : transform for simplification 
-p option : display program 

file read correctly
program is valid

program : 

var a;
var b;
const c = 4;
const d = 6;
var e;
a := (c + d)*3 - 5;
lire b;
e := b + d;
ecrire e;

execution
enter value for b
18
